<html>
<body>
<pre>
<h1>µVision Build Log</h1>
<h2>Tool Versions:</h2>
IDE-Version: ¦ÌVision V5.28.0.0
Copyright (C) 2019 ARM Ltd and ARM Germany GmbH. All rights reserved.
License Information: 1 Admin, 1, LIC=LSNXV-PIM21-SBCEJ-U4G50-BYKSZ-M3VW2
 
Tool Versions:
Toolchain:       MDK-ARM Plus  Version: 5.28.0.0
Toolchain Path:  C:\Keil_v5\ARM\ARMCC\Bin
C Compiler:      Armcc.exe V5.06 update 6 (build 750)
Assembler:       Armasm.exe V5.06 update 6 (build 750)
Linker/Locator:  ArmLink.exe V5.06 update 6 (build 750)
Library Manager: ArmAr.exe V5.06 update 6 (build 750)
Hex Converter:   FromElf.exe V5.06 update 6 (build 750)
CPU DLL:         SARMCM3.DLL V5.28.0.0
Dialog DLL:      DCM.DLL V1.17.3.0
Target DLL:      Segger\JL2CM3.dll V2.99.36.0
Dialog DLL:      TCM.DLL V1.36.2.0
 
<h2>Project:</h2>
D:\2023-4-12\USER\Project_1\project_1.uvprojx
Project File Date:  04/11/2023

<h2>Output:</h2>
*** Using Compiler 'V5.06 update 6 (build 750)', folder: 'C:\Keil_v5\ARM\ARMCC\Bin'
Build target 'Target 1'
compiling track.c...
..\..\SYSTEM\systick.h(14): warning:  #1-D: last line of file ends without a newline
  #endif
src\motor.h(21): warning:  #1-D: last line of file ends without a newline
  #endif
src\track.h(13): warning:  #1-D: last line of file ends without a newline
  #endif
src\track.c(51): warning:  #1-D: last line of file ends without a newline
  }
src\track.c: 4 warnings, 0 errors
compiling main.c...
..\..\CORE\../SYSTEM/systick.h(14): warning:  #1-D: last line of file ends without a newline
  #endif
src\motor.h(21): warning:  #1-D: last line of file ends without a newline
  #endif
src\usart.h(8): warning:  #1-D: last line of file ends without a newline
  #endif
src\track.h(13): warning:  #1-D: last line of file ends without a newline
  #endif
src\main.c(106): warning:  #177-D: function "Delay"  was declared but never referenced
  void Delay(__IO uint32_t nTime)
src\main.c: 5 warnings, 0 errors
linking...
Program Size: Code=3096 RO-data=424 RW-data=28 ZI-data=1028  
FromELF: creating hex file...
".\Objects\project_1.axf" - 0 Error(s), 9 Warning(s).

<h2>Software Packages used:</h2>

Package Vendor: Keil
                http://www.keil.com/pack/Keil.STM32F4xx_DFP.2.7.0.pack
                Keil.STM32F4xx_DFP.2.7.0
                STMicroelectronics STM32F4 Series Device Support, Drivers and Examples

<h2>Collection of Component include folders:</h2>
  .\RTE\_Target_1
  C:\Users\Admin\AppData\Local\Arm\Packs\Keil\STM32F4xx_DFP\2.7.0\Drivers\CMSIS\Device\ST\STM32F4xx\Include

<h2>Collection of Component Files used:</h2>
Build Time Elapsed:  00:00:02
</pre>
</body>
</html>
